
> akprime@0.1.0 build
> next build

Γû▓ Next.js 16.1.6 (Turbopack)

  Creating an optimized production build ...
Γ£ô Compiled successfully in 5.3s
  Running TypeScript ...
  Collecting page data using 11 workers ...
  Generating static pages using 11 workers (0/18) ...
node.exe : Error 
occurred prerendering 
page "/case-studies". 
Read more: https://next
js.org/docs/messages/pr
erender-error
At line:1 char:1
+ & "C:\Program 
Files\nodejs/node.exe" 
"C:\Users\Administrator
\AppData\ ...
+ ~~~~~~~~~~~~~~~~~~~~~
~~~~~~~~~~~~~~~~~~~~~~~
~~~~~~~~~~~~~~~~~~~~~~~
~~
    + CategoryInfo     
         : NotSpecifi  
  ed: (Error occurre   
 d ...prerender-err    
or:String) [], Rem    
oteException
    + FullyQualifiedEr 
   rorId : NativeComm  
  andError
 
Error: Event handlers 
cannot be passed to 
Client Component props.
  {onBooking: function 
onBooking}
              
^^^^^^^^^^^^^^^^^^
If you need 
interactivity, 
consider converting 
part of this to a 
Client Component.
    at stringify 
(<anonymous>) {
  digest: '785558281'
}
Export encountered an 
error on 
/case-studies/page: 
/case-studies, exiting 
the build.
Γ¿» Next.js build 
worker exited with 
code: 1 and signal: 
null
